INFO:proactive_eval:Loaded topology: 7 switches, 8 hosts
WARNING:version:POX requires one of the following versions of Python: 3.6 3.7 3.8 3.9
WARNING:version:You're running Python 3.14.
WARNING:version:If you run into problems, try using a supported version.
INFO:core:POX 0.7.0 (gar) is up.
INFO:openflow.of_01:[00-00-00-00-00-01 2] connected
INFO:proactive_eval:Switch 00-00-00-00-00-01 connected: pushed 32 rules (granularity=pair)
INFO:openflow.of_01:[00-00-00-00-00-02 3] connected
INFO:proactive_eval:Switch 00-00-00-00-00-02 connected: pushed 40 rules (granularity=pair)
INFO:openflow.of_01:[00-00-00-00-00-03 4] connected
INFO:proactive_eval:Switch 00-00-00-00-00-03 connected: pushed 26 rules (granularity=pair)
INFO:openflow.of_01:[00-00-00-00-00-05 6] connected
INFO:proactive_eval:Switch 00-00-00-00-00-05 connected: pushed 40 rules (granularity=pair)
INFO:openflow.of_01:[00-00-00-00-00-04 5] connected
INFO:proactive_eval:Switch 00-00-00-00-00-04 connected: pushed 26 rules (granularity=pair)
INFO:openflow.of_01:[00-00-00-00-00-07 8] connected
INFO:proactive_eval:Switch 00-00-00-00-00-07 connected: pushed 26 rules (granularity=pair)
INFO:openflow.of_01:[00-00-00-00-00-06 7] connected
INFO:proactive_eval:Switch 00-00-00-00-00-06 connected: pushed 26 rules (granularity=pair)
INFO:openflow.of_01:[00-00-00-00-00-07 8] closed
INFO:openflow.of_01:[00-00-00-00-00-06 7] closed
INFO:openflow.of_01:[00-00-00-00-00-04 5] closed
INFO:openflow.of_01:[00-00-00-00-00-01 2] closed
INFO:openflow.of_01:[00-00-00-00-00-03 4] closed
INFO:openflow.of_01:[00-00-00-00-00-05 6] closed
INFO:openflow.of_01:[00-00-00-00-00-02 3] closed
INFO:core:Going down...
INFO:core:Down.
POX 0.7.0 (gar) / Copyright 2011-2020 James McCauley, et al.
